DROP EXTENSION
CREATE EXTENSION
DROP FOREIGN DATA WRAPPER
CREATE FOREIGN DATA WRAPPER
DROP SERVER
CREATE SERVER
DROP FOREIGN TABLE
CREATE FOREIGN TABLE
DROP FOREIGN TABLE
CREATE FOREIGN TABLE
DROP FOREIGN TABLE
CREATE FOREIGN TABLE
 amount | currency 
--------+----------
      0 | usd
(1 row)

    customer_id     | currency | current_period_start | current_period_end 
--------------------+----------+----------------------+--------------------
 cus_MJiBtCqOF1Bb3F | usd      |           1234567890 |         1234567890
(1 row)

